// Jest Snapshot v1, https://goo.gl/fbAQLP

exports[`should render Home correctly 1`] = `
<div
  className="home"
>
  <h1>
    My Tasks
  </h1>
  <p>
    This is a simple application to manage daily tasks easily, you can create new tasks with category or remove existing one.
     
  </p>
</div>
`;
